[debug] [2026-05-26T20:12:34.189Z] ----------------------------------------------------------------------
[debug] [2026-05-26T20:12:34.190Z] Command:       /usr/local/bin/node /usr/local/bin/firebase init hosting
[debug] [2026-05-26T20:12:34.190Z] CLI Version:   15.18.0
[debug] [2026-05-26T20:12:34.190Z] Platform:      darwin
[debug] [2026-05-26T20:12:34.190Z] Node Version:  v25.9.0
[debug] [2026-05-26T20:12:34.190Z] Time:          Tue May 26 2026 14:12:34 GMT-0600 (Mountain Daylight Time)
[debug] [2026-05-26T20:12:34.190Z] ----------------------------------------------------------------------
[debug] 
[info] 
     ######## #### ########  ######## ########     ###     ######  ########
     ##        ##  ##     ## ##       ##     ##  ##   ##  ##       ##
     ######    ##  ########  ######   ########  #########  ######  ######
     ##        ##  ##    ##  ##       ##     ## ##     ##       ## ##
     ##       #### ##     ## ######## ########  ##     ##  ######  ########

You're about to initialize a Firebase project in this directory:

  /Users/kjosh2008/ai-oracle-frontend

[info] 
=== Project Setup
[info] 
[info] First, let's associate this project directory with a Firebase project.
[info] You can create multiple project aliases by running firebase use --add, 
[info] 
[debug] [2026-05-26T20:12:47.515Z] > command requires scopes: ["email","openid","https://www.googleapis.com/auth/cloudplatformprojects.readonly","https://www.googleapis.com/auth/firebase","https://www.googleapis.com/auth/cloud-platform"]
[debug] [2026-05-26T20:12:47.515Z] > authorizing via signed-in user (shivanijoshi703@gmail.com)
[debug] [2026-05-26T20:12:47.517Z] Checked if tokens are valid: true, expires at: 1779829934685
[debug] [2026-05-26T20:12:47.517Z] Checked if tokens are valid: true, expires at: 1779829934685
[debug] [2026-05-26T20:12:47.518Z] >>> [apiv2][query] GET https://firebase.googleapis.com/v1beta1/availableProjects pageSize=100
[debug] [2026-05-26T20:12:48.089Z] <<< [apiv2][status] GET https://firebase.googleapis.com/v1beta1/availableProjects 200
[debug] [2026-05-26T20:12:48.090Z] <<< [apiv2][body] GET https://firebase.googleapis.com/v1beta1/availableProjects [omitted]
[debug] [2026-05-26T20:12:49.778Z] Checked if tokens are valid: true, expires at: 1779829934685
[debug] [2026-05-26T20:12:49.778Z] Checked if tokens are valid: true, expires at: 1779829934685
[debug] [2026-05-26T20:12:49.778Z] >>> [apiv2][query] POST https://firebase.googleapis.com/v1beta1/projects/project-1caaf581-2331-41dd-8b0:addFirebase [none]
[debug] [2026-05-26T20:12:49.992Z] <<< [apiv2][status] POST https://firebase.googleapis.com/v1beta1/projects/project-1caaf581-2331-41dd-8b0:addFirebase 403
[debug] [2026-05-26T20:12:49.993Z] <<< [apiv2][body] POST https://firebase.googleapis.com/v1beta1/projects/project-1caaf581-2331-41dd-8b0:addFirebase {"error":{"code":403,"message":"The caller does not have permission","status":"PERMISSION_DENIED"}}
[debug] [2026-05-26T20:12:49.994Z] Request to https://firebase.googleapis.com/v1beta1/projects/project-1caaf581-2331-41dd-8b0:addFirebase had HTTP Error: 403, The caller does not have permission
[debug] [2026-05-26T20:12:50.099Z] FirebaseError: Request to https://firebase.googleapis.com/v1beta1/projects/project-1caaf581-2331-41dd-8b0:addFirebase had HTTP Error: 403, The caller does not have permission
    at responseToError (/usr/local/lib/node_modules/firebase-tools/lib/responseToError.js:53:12)
    at RetryOperation._fn (/usr/local/lib/node_modules/firebase-tools/lib/apiv2.js:333:77)
    at process.processTicksAndRejections (node:internal/process/task_queues:104:5)
[error] 
[error] Error: Failed to add Firebase to Google Cloud Platform project. See firebase-debug.log for more info.
[debug] [2026-05-26T20:13:21.273Z] ----------------------------------------------------------------------
[debug] [2026-05-26T20:13:21.273Z] Command:       /usr/local/bin/node /usr/local/bin/firebase init hosting
[debug] [2026-05-26T20:13:21.274Z] CLI Version:   15.18.0
[debug] [2026-05-26T20:13:21.274Z] Platform:      darwin
[debug] [2026-05-26T20:13:21.274Z] Node Version:  v25.9.0
[debug] [2026-05-26T20:13:21.274Z] Time:          Tue May 26 2026 14:13:21 GMT-0600 (Mountain Daylight Time)
[debug] [2026-05-26T20:13:21.274Z] ----------------------------------------------------------------------
[debug] 
[info] 
     ######## #### ########  ######## ########     ###     ######  ########
     ##        ##  ##     ## ##       ##     ##  ##   ##  ##       ##
     ######    ##  ########  ######   ########  #########  ######  ######
     ##        ##  ##    ##  ##       ##     ## ##     ##       ## ##
     ##       #### ##     ## ######## ########  ##     ##  ######  ########

You're about to initialize a Firebase project in this directory:

  /Users/kjosh2008/ai-oracle-frontend

[info] 
=== Project Setup
[info] 
[info] First, let's associate this project directory with a Firebase project.
[info] You can create multiple project aliases by running firebase use --add, 
[info] 
[debug] [2026-05-26T20:13:23.687Z] > command requires scopes: ["email","openid","https://www.googleapis.com/auth/cloudplatformprojects.readonly","https://www.googleapis.com/auth/firebase","https://www.googleapis.com/auth/cloud-platform"]
[debug] [2026-05-26T20:13:23.688Z] > authorizing via signed-in user (shivanijoshi703@gmail.com)
[debug] [2026-05-26T20:13:23.689Z] Checked if tokens are valid: true, expires at: 1779829934685
[debug] [2026-05-26T20:13:23.689Z] Checked if tokens are valid: true, expires at: 1779829934685
[debug] [2026-05-26T20:13:23.690Z] >>> [apiv2][query] GET https://firebase.googleapis.com/v1beta1/availableProjects pageSize=100
[debug] [2026-05-26T20:13:24.236Z] <<< [apiv2][status] GET https://firebase.googleapis.com/v1beta1/availableProjects 200
[debug] [2026-05-26T20:13:24.236Z] <<< [apiv2][body] GET https://firebase.googleapis.com/v1beta1/availableProjects [omitted]
[debug] [2026-05-26T20:13:25.137Z] Checked if tokens are valid: true, expires at: 1779829934685
[debug] [2026-05-26T20:13:25.137Z] Checked if tokens are valid: true, expires at: 1779829934685
[debug] [2026-05-26T20:13:25.137Z] >>> [apiv2][query] POST https://firebase.googleapis.com/v1beta1/projects/project-1caaf581-2331-41dd-8b0:addFirebase [none]
[debug] [2026-05-26T20:13:25.321Z] <<< [apiv2][status] POST https://firebase.googleapis.com/v1beta1/projects/project-1caaf581-2331-41dd-8b0:addFirebase 403
[debug] [2026-05-26T20:13:25.322Z] <<< [apiv2][body] POST https://firebase.googleapis.com/v1beta1/projects/project-1caaf581-2331-41dd-8b0:addFirebase {"error":{"code":403,"message":"The caller does not have permission","status":"PERMISSION_DENIED"}}
[debug] [2026-05-26T20:13:25.323Z] Request to https://firebase.googleapis.com/v1beta1/projects/project-1caaf581-2331-41dd-8b0:addFirebase had HTTP Error: 403, The caller does not have permission
[debug] [2026-05-26T20:13:25.439Z] FirebaseError: Request to https://firebase.googleapis.com/v1beta1/projects/project-1caaf581-2331-41dd-8b0:addFirebase had HTTP Error: 403, The caller does not have permission
    at responseToError (/usr/local/lib/node_modules/firebase-tools/lib/responseToError.js:53:12)
    at RetryOperation._fn (/usr/local/lib/node_modules/firebase-tools/lib/apiv2.js:333:77)
    at process.processTicksAndRejections (node:internal/process/task_queues:104:5)
[error] 
[error] Error: Failed to add Firebase to Google Cloud Platform project. See firebase-debug.log for more info.
